../Core/Src/main.c:83:5:main	1
../Core/Src/main.c:165:6:SystemClock_Config	3
../Core/Src/main.c:207:13:MX_CRC_Init	2
../Core/Src/main.c:238:13:MX_FDCAN2_Init	2
../Core/Src/main.c:281:13:MX_I2C3_Init	4
../Core/Src/main.c:329:13:MX_UART4_Init	5
../Core/Src/main.c:377:13:MX_USB_PCD_Init	2
../Core/Src/main.c:410:13:MX_GPIO_Init	1
../Core/Src/main.c:508:6:HAL_GPIO_EXTI_Callback	2
../Core/Src/main.c:525:6:StartDefaultTask	1
../Core/Src/main.c:544:6:HAL_TIM_PeriodElapsedCallback	2
../Core/Src/main.c:561:6:Error_Handler	1
