../Core/Src/main.c:83:5:main	8	static,ignoring_inline_asm
../Core/Src/main.c:165:6:SystemClock_Config	88	static
../Core/Src/main.c:207:13:MX_CRC_Init	8	static
../Core/Src/main.c:238:13:MX_FDCAN2_Init	8	static
../Core/Src/main.c:281:13:MX_I2C3_Init	8	static
../Core/Src/main.c:329:13:MX_UART4_Init	8	static
../Core/Src/main.c:377:13:MX_USB_PCD_Init	8	static
../Core/Src/main.c:410:13:MX_GPIO_Init	56	static
../Core/Src/main.c:508:6:HAL_GPIO_EXTI_Callback	16	static
../Core/Src/main.c:525:6:StartDefaultTask	16	static
../Core/Src/main.c:544:6:HAL_TIM_PeriodElapsedCallback	16	static
../Core/Src/main.c:561:6:Error_Handler	4	static,ignoring_inline_asm
