../Core/Src/main.c:82:5:main	40	static
../Core/Src/main.c:159:6:SystemClock_Config	88	static
../Core/Src/main.c:201:13:MX_CRC_Init	8	static
../Core/Src/main.c:232:13:MX_FDCAN2_Init	8	static
../Core/Src/main.c:275:13:MX_I2C3_Init	8	static
../Core/Src/main.c:323:13:MX_UART4_Init	8	static
../Core/Src/main.c:371:13:MX_USB_PCD_Init	8	static
../Core/Src/main.c:404:13:MX_GPIO_Init	56	static
../Core/Src/main.c:502:6:StartDefaultTask	16	static
../Core/Src/main.c:521:6:HAL_TIM_PeriodElapsedCallback	16	static
../Core/Src/main.c:538:6:Error_Handler	4	static,ignoring_inline_asm
